---
source: markup_fmt/tests/fmt.rs
assertion_line: 23
---
<div>
    <div>
        <div>
            <div>
                <template v-else>
                    {{
                        $t(translationKey, {

                            originalStripeInvoiceNumber: store.activeDunningProcess.originalStripeInvoiceNumber,

                            chargebackStripeInvoiceNumber: store.activeDunningProcess.chargebackStripeInvoiceNumber,

                            reminderPaymentDeadline: dayjs(store.activeDunningProcess.reminderPaymentDeadline).format('L'),

                            deactivationDate: dayjs(store.activeDunningProcess.deactivationDate).format('L'),

                            chargebackInvoiceSentToMails: store.activeDunningProcess.chargebackInvoiceSentToMails.join(', '),

                            unpaidInvoiceReminderSentToMails: store.activeDunningProcess.unpaidInvoiceReminderSentToMails.join(', '),

                            unpaidInvoiceFinalReminderSentToMails: store.activeDunningProcess.unpaidInvoiceFinalReminderSentToMails.join(', '),

                        })
                    }}
                </template>
            </div>
        </div>
    </div>
</div>
